[0514/134926.167:INFO:CONSOLE(7)] "THREE.ColladaLoader: File version 1.4.0", source: file:///C:/Program%20Files/AnyLogic%208.9%20Personal%20Learning%20Edition/plugins/com.anylogic.graphics3d_8.9.8.202602271015/static/init.js (7)
[0514/134926.221:INFO:CONSOLE(13)] "Loaded: file:C:/Users/samantha/Laundry-Simulation/3d/worker.dae", source: file:///C:/Program%20Files/AnyLogic%208.9%20Personal%20Learning%20Edition/plugins/com.anylogic.graphics3d_8.9.8.202602271015/static/init.js (13)
[0514/134926.234:INFO:CONSOLE(13)] "Loaded: file:C:/Users/samantha/Laundry-Simulation/3d/worker.dae", source: file:///C:/Program%20Files/AnyLogic%208.9%20Personal%20Learning%20Edition/plugins/com.anylogic.graphics3d_8.9.8.202602271015/static/init.js (13)
[0514/134926.443:INFO:CONSOLE(7)] "THREE.ColladaLoader: File version 1.4.0", source: file:///C:/Program%20Files/AnyLogic%208.9%20Personal%20Learning%20Edition/plugins/com.anylogic.graphics3d_8.9.8.202602271015/static/init.js (7)
[0514/134926.487:INFO:CONSOLE(13)] "Loaded: file:C:/Users/samantha/Laundry-Simulation/3d/person.dae", source: file:///C:/Program%20Files/AnyLogic%208.9%20Personal%20Learning%20Edition/plugins/com.anylogic.graphics3d_8.9.8.202602271015/static/init.js (13)
[0514/134926.493:INFO:CONSOLE(13)] "Loaded: file:C:/Users/samantha/Laundry-Simulation/3d/person.dae", source: file:///C:/Program%20Files/AnyLogic%208.9%20Personal%20Learning%20Edition/plugins/com.anylogic.graphics3d_8.9.8.202602271015/static/init.js (13)
[0514/134926.493:INFO:CONSOLE(13)] "ISRGB -1 false", source: file:///C:/Program%20Files/AnyLogic%208.9%20Personal%20Learning%20Edition/plugins/com.anylogic.graphics3d_8.9.8.202602271015/static/init.js (13)
[0514/135041.214:INFO:CONSOLE(7)] "THREE.ColladaLoader: File version 1.4.0", source: file:///C:/Program%20Files/AnyLogic%208.9%20Personal%20Learning%20Edition/plugins/com.anylogic.graphics3d_8.9.8.202602271015/static/init.js (7)
[0514/135041.225:INFO:CONSOLE(13)] "Loaded: file:C:/Users/samantha/Laundry-Simulation/3d/washer.dae", source: file:///C:/Program%20Files/AnyLogic%208.9%20Personal%20Learning%20Edition/plugins/com.anylogic.graphics3d_8.9.8.202602271015/static/init.js (13)
[0514/135041.237:INFO:CONSOLE(13)] "Loaded: file:C:/Users/samantha/Laundry-Simulation/3d/washer.dae", source: file:///C:/Program%20Files/AnyLogic%208.9%20Personal%20Learning%20Edition/plugins/com.anylogic.graphics3d_8.9.8.202602271015/static/init.js (13)
[0514/135041.237:INFO:CONSOLE(13)] "ISRGB -16711681 false", source: file:///C:/Program%20Files/AnyLogic%208.9%20Personal%20Learning%20Edition/plugins/com.anylogic.graphics3d_8.9.8.202602271015/static/init.js (13)
[0514/135041.237:INFO:CONSOLE(13)] "ISRGB -2968436 false", source: file:///C:/Program%20Files/AnyLogic%208.9%20Personal%20Learning%20Edition/plugins/com.anylogic.graphics3d_8.9.8.202602271015/static/init.js (13)
[0514/135041.287:INFO:CONSOLE(13)] "Loaded: file:C:/Users/samantha/Laundry-Simulation/3d/washer.dae", source: file:///C:/Program%20Files/AnyLogic%208.9%20Personal%20Learning%20Edition/plugins/com.anylogic.graphics3d_8.9.8.202602271015/static/init.js (13)
[0514/135041.288:INFO:CONSOLE(13)] "ISRGB -2968436 false", source: file:///C:/Program%20Files/AnyLogic%208.9%20Personal%20Learning%20Edition/plugins/com.anylogic.graphics3d_8.9.8.202602271015/static/init.js (13)
[0514/135041.317:INFO:CONSOLE(7)] "THREE.ColladaLoader: File version 1.4.0", source: file:///C:/Program%20Files/AnyLogic%208.9%20Personal%20Learning%20Edition/plugins/com.anylogic.graphics3d_8.9.8.202602271015/static/init.js (7)
[0514/135041.325:INFO:CONSOLE(13)] "Loaded: file:C:/Users/samantha/Laundry-Simulation/3d/table_2.dae", source: file:///C:/Program%20Files/AnyLogic%208.9%20Personal%20Learning%20Edition/plugins/com.anylogic.graphics3d_8.9.8.202602271015/static/init.js (13)
[0514/135041.333:INFO:CONSOLE(13)] "Loaded: file:C:/Users/samantha/Laundry-Simulation/3d/table_2.dae", source: file:///C:/Program%20Files/AnyLogic%208.9%20Personal%20Learning%20Edition/plugins/com.anylogic.graphics3d_8.9.8.202602271015/static/init.js (13)
[0514/135041.440:INFO:CONSOLE(13)] "Loaded: file:C:/Users/samantha/Laundry-Simulation/3d/washer.dae", source: file:///C:/Program%20Files/AnyLogic%208.9%20Personal%20Learning%20Edition/plugins/com.anylogic.graphics3d_8.9.8.202602271015/static/init.js (13)
[0514/135041.440:INFO:CONSOLE(13)] "ISRGB -16711681 false", source: file:///C:/Program%20Files/AnyLogic%208.9%20Personal%20Learning%20Edition/plugins/com.anylogic.graphics3d_8.9.8.202602271015/static/init.js (13)
[0514/135041.462:INFO:CONSOLE(13)] "Loaded: file:C:/Users/samantha/Laundry-Simulation/3d/washer.dae", source: file:///C:/Program%20Files/AnyLogic%208.9%20Personal%20Learning%20Edition/plugins/com.anylogic.graphics3d_8.9.8.202602271015/static/init.js (13)
[0514/135041.462:INFO:CONSOLE(13)] "ISRGB -16711681 false", source: file:///C:/Program%20Files/AnyLogic%208.9%20Personal%20Learning%20Edition/plugins/com.anylogic.graphics3d_8.9.8.202602271015/static/init.js (13)
[0514/135041.463:INFO:CONSOLE(13)] "ISRGB -16711681 false", source: file:///C:/Program%20Files/AnyLogic%208.9%20Personal%20Learning%20Edition/plugins/com.anylogic.graphics3d_8.9.8.202602271015/static/init.js (13)
[0514/135041.483:INFO:CONSOLE(13)] "Loaded: file:C:/Users/samantha/Laundry-Simulation/3d/washer.dae", source: file:///C:/Program%20Files/AnyLogic%208.9%20Personal%20Learning%20Edition/plugins/com.anylogic.graphics3d_8.9.8.202602271015/static/init.js (13)
[0514/135041.483:INFO:CONSOLE(13)] "ISRGB -16776961 false", source: file:///C:/Program%20Files/AnyLogic%208.9%20Personal%20Learning%20Edition/plugins/com.anylogic.graphics3d_8.9.8.202602271015/static/init.js (13)
[0514/135041.484:INFO:CONSOLE(13)] "ISRGB -16711681 false", source: file:///C:/Program%20Files/AnyLogic%208.9%20Personal%20Learning%20Edition/plugins/com.anylogic.graphics3d_8.9.8.202602271015/static/init.js (13)
[0514/135041.510:INFO:CONSOLE(7)] "THREE.ColladaLoader: File version 1.4.0", source: file:///C:/Program%20Files/AnyLogic%208.9%20Personal%20Learning%20Edition/plugins/com.anylogic.graphics3d_8.9.8.202602271015/static/init.js (7)
[0514/135041.515:INFO:CONSOLE(13)] "Loaded: file:C:/Users/samantha/Laundry-Simulation/3d/reseption_2.dae", source: file:///C:/Program%20Files/AnyLogic%208.9%20Personal%20Learning%20Edition/plugins/com.anylogic.graphics3d_8.9.8.202602271015/static/init.js (13)
[0514/135041.522:INFO:CONSOLE(13)] "Loaded: file:C:/Users/samantha/Laundry-Simulation/3d/reseption_2.dae", source: file:///C:/Program%20Files/AnyLogic%208.9%20Personal%20Learning%20Edition/plugins/com.anylogic.graphics3d_8.9.8.202602271015/static/init.js (13)
[0514/135041.522:INFO:CONSOLE(13)] "ISRGB -1015680 false", source: file:///C:/Program%20Files/AnyLogic%208.9%20Personal%20Learning%20Edition/plugins/com.anylogic.graphics3d_8.9.8.202602271015/static/init.js (13)
[0514/135041.552:INFO:CONSOLE(7)] "THREE.ColladaLoader: File version 1.4.0", source: file:///C:/Program%20Files/AnyLogic%208.9%20Personal%20Learning%20Edition/plugins/com.anylogic.graphics3d_8.9.8.202602271015/static/init.js (7)
[0514/135041.562:INFO:CONSOLE(13)] "Loaded: file:C:/Users/samantha/Laundry-Simulation/3d/bench.dae", source: file:///C:/Program%20Files/AnyLogic%208.9%20Personal%20Learning%20Edition/plugins/com.anylogic.graphics3d_8.9.8.202602271015/static/init.js (13)
[0514/135041.569:INFO:CONSOLE(13)] "Loaded: file:C:/Users/samantha/Laundry-Simulation/3d/bench.dae", source: file:///C:/Program%20Files/AnyLogic%208.9%20Personal%20Learning%20Edition/plugins/com.anylogic.graphics3d_8.9.8.202602271015/static/init.js (13)
[0514/135123.418:ERROR:gpu_init.cc(523)] Passthrough is not supported, GL is disabled, ANGLE is 
[0514/153936.661:INFO:CONSOLE(7)] "THREE.ColladaLoader: File version 1.4.0", source: file:///C:/Program%20Files/AnyLogic%208.9%20Personal%20Learning%20Edition/plugins/com.anylogic.graphics3d_8.9.8.202602271015/static/init.js (7)
[0514/153936.741:INFO:CONSOLE(13)] "Loaded: file:C:/Users/samantha/Laundry-Simulation/3d/person.dae", source: file:///C:/Program%20Files/AnyLogic%208.9%20Personal%20Learning%20Edition/plugins/com.anylogic.graphics3d_8.9.8.202602271015/static/init.js (13)
[0514/153936.870:INFO:CONSOLE(13)] "Loaded: file:C:/Users/samantha/Laundry-Simulation/3d/person.dae", source: file:///C:/Program%20Files/AnyLogic%208.9%20Personal%20Learning%20Edition/plugins/com.anylogic.graphics3d_8.9.8.202602271015/static/init.js (13)
[0514/153936.887:INFO:CONSOLE(13)] "Loaded: file:C:/Users/samantha/Laundry-Simulation/3d/person.dae", source: file:///C:/Program%20Files/AnyLogic%208.9%20Personal%20Learning%20Edition/plugins/com.anylogic.graphics3d_8.9.8.202602271015/static/init.js (13)
[0514/154134.119:ERROR:gpu_init.cc(523)] Passthrough is not supported, GL is disabled, ANGLE is 
[0514/182955.380:INFO:CONSOLE(7)] "THREE.ColladaLoader: File version 1.4.0", source: file:///C:/Program%20Files/AnyLogic%208.9%20Personal%20Learning%20Edition/plugins/com.anylogic.graphics3d_8.9.8.202602271015/static/init.js (7)
[0514/182955.396:INFO:CONSOLE(13)] "Loaded: file:C:/Users/samantha/Laundry-Simulation/3d/table_2.dae", source: file:///C:/Program%20Files/AnyLogic%208.9%20Personal%20Learning%20Edition/plugins/com.anylogic.graphics3d_8.9.8.202602271015/static/init.js (13)
[0514/182955.507:INFO:CONSOLE(13)] "Loaded: file:C:/Users/samantha/Laundry-Simulation/3d/table_2.dae", source: file:///C:/Program%20Files/AnyLogic%208.9%20Personal%20Learning%20Edition/plugins/com.anylogic.graphics3d_8.9.8.202602271015/static/init.js (13)
[0514/182955.524:INFO:CONSOLE(13)] "Loaded: file:C:/Users/samantha/Laundry-Simulation/3d/table_2.dae", source: file:///C:/Program%20Files/AnyLogic%208.9%20Personal%20Learning%20Edition/plugins/com.anylogic.graphics3d_8.9.8.202602271015/static/init.js (13)
[0514/183152.590:ERROR:gpu_init.cc(523)] Passthrough is not supported, GL is disabled, ANGLE is 
[0514/184852.138:INFO:CONSOLE(7)] "THREE.ColladaLoader: File version 1.4.0", source: file:///C:/Program%20Files/AnyLogic%208.9%20Personal%20Learning%20Edition/plugins/com.anylogic.graphics3d_8.9.8.202602271015/static/init.js (7)
[0514/184852.182:INFO:CONSOLE(13)] "Loaded: file:C:/Users/samantha/Laundry-Simulation/3d/washer.dae", source: file:///C:/Program%20Files/AnyLogic%208.9%20Personal%20Learning%20Edition/plugins/com.anylogic.graphics3d_8.9.8.202602271015/static/init.js (13)
[0514/184852.352:INFO:CONSOLE(13)] "Loaded: file:C:/Users/samantha/Laundry-Simulation/3d/washer.dae", source: file:///C:/Program%20Files/AnyLogic%208.9%20Personal%20Learning%20Edition/plugins/com.anylogic.graphics3d_8.9.8.202602271015/static/init.js (13)
[0514/184852.367:INFO:CONSOLE(13)] "Loaded: file:C:/Users/samantha/Laundry-Simulation/3d/washer.dae", source: file:///C:/Program%20Files/AnyLogic%208.9%20Personal%20Learning%20Edition/plugins/com.anylogic.graphics3d_8.9.8.202602271015/static/init.js (13)
[0514/185049.281:ERROR:gpu_init.cc(523)] Passthrough is not supported, GL is disabled, ANGLE is 
[0514/221922.749:INFO:CONSOLE(7)] "THREE.ColladaLoader: File version 1.4.0", source: file:///C:/Program%20Files/AnyLogic%208.9%20Personal%20Learning%20Edition/plugins/com.anylogic.graphics3d_8.9.8.202602271015/static/init.js (7)
[0514/221922.789:INFO:CONSOLE(13)] "Loaded: file:C:/Users/samantha/Laundry-Simulation/3d/washer.dae", source: file:///C:/Program%20Files/AnyLogic%208.9%20Personal%20Learning%20Edition/plugins/com.anylogic.graphics3d_8.9.8.202602271015/static/init.js (13)
[0514/221922.815:INFO:CONSOLE(13)] "Loaded: file:C:/Users/samantha/Laundry-Simulation/3d/washer.dae", source: file:///C:/Program%20Files/AnyLogic%208.9%20Personal%20Learning%20Edition/plugins/com.anylogic.graphics3d_8.9.8.202602271015/static/init.js (13)
[0514/221922.816:INFO:CONSOLE(13)] "ISRGB -16711681 false", source: file:///C:/Program%20Files/AnyLogic%208.9%20Personal%20Learning%20Edition/plugins/com.anylogic.graphics3d_8.9.8.202602271015/static/init.js (13)
[0514/221922.816:INFO:CONSOLE(13)] "ISRGB -2968436 false", source: file:///C:/Program%20Files/AnyLogic%208.9%20Personal%20Learning%20Edition/plugins/com.anylogic.graphics3d_8.9.8.202602271015/static/init.js (13)
[0514/221923.211:INFO:CONSOLE(13)] "Loaded: file:C:/Users/samantha/Laundry-Simulation/3d/washer.dae", source: file:///C:/Program%20Files/AnyLogic%208.9%20Personal%20Learning%20Edition/plugins/com.anylogic.graphics3d_8.9.8.202602271015/static/init.js (13)
[0514/221923.212:INFO:CONSOLE(13)] "ISRGB -2968436 false", source: file:///C:/Program%20Files/AnyLogic%208.9%20Personal%20Learning%20Edition/plugins/com.anylogic.graphics3d_8.9.8.202602271015/static/init.js (13)
[0514/221923.281:INFO:CONSOLE(7)] "THREE.ColladaLoader: File version 1.4.0", source: file:///C:/Program%20Files/AnyLogic%208.9%20Personal%20Learning%20Edition/plugins/com.anylogic.graphics3d_8.9.8.202602271015/static/init.js (7)
[0514/221923.296:INFO:CONSOLE(13)] "Loaded: file:C:/Users/samantha/Laundry-Simulation/3d/table_2.dae", source: file:///C:/Program%20Files/AnyLogic%208.9%20Personal%20Learning%20Edition/plugins/com.anylogic.graphics3d_8.9.8.202602271015/static/init.js (13)
[0514/221923.314:INFO:CONSOLE(13)] "Loaded: file:C:/Users/samantha/Laundry-Simulation/3d/table_2.dae", source: file:///C:/Program%20Files/AnyLogic%208.9%20Personal%20Learning%20Edition/plugins/com.anylogic.graphics3d_8.9.8.202602271015/static/init.js (13)
[0514/221923.600:INFO:CONSOLE(13)] "Loaded: file:C:/Users/samantha/Laundry-Simulation/3d/washer.dae", source: file:///C:/Program%20Files/AnyLogic%208.9%20Personal%20Learning%20Edition/plugins/com.anylogic.graphics3d_8.9.8.202602271015/static/init.js (13)
[0514/221923.601:INFO:CONSOLE(13)] "ISRGB -16711681 false", source: file:///C:/Program%20Files/AnyLogic%208.9%20Personal%20Learning%20Edition/plugins/com.anylogic.graphics3d_8.9.8.202602271015/static/init.js (13)
[0514/221923.642:INFO:CONSOLE(13)] "Loaded: file:C:/Users/samantha/Laundry-Simulation/3d/washer.dae", source: file:///C:/Program%20Files/AnyLogic%208.9%20Personal%20Learning%20Edition/plugins/com.anylogic.graphics3d_8.9.8.202602271015/static/init.js (13)
[0514/221923.646:INFO:CONSOLE(13)] "ISRGB -16711681 false", source: file:///C:/Program%20Files/AnyLogic%208.9%20Personal%20Learning%20Edition/plugins/com.anylogic.graphics3d_8.9.8.202602271015/static/init.js (13)
[0514/221923.646:INFO:CONSOLE(13)] "ISRGB -16711681 false", source: file:///C:/Program%20Files/AnyLogic%208.9%20Personal%20Learning%20Edition/plugins/com.anylogic.graphics3d_8.9.8.202602271015/static/init.js (13)
[0514/221923.676:INFO:CONSOLE(13)] "Loaded: file:C:/Users/samantha/Laundry-Simulation/3d/washer.dae", source: file:///C:/Program%20Files/AnyLogic%208.9%20Personal%20Learning%20Edition/plugins/com.anylogic.graphics3d_8.9.8.202602271015/static/init.js (13)
[0514/221923.676:INFO:CONSOLE(13)] "ISRGB -16776961 false", source: file:///C:/Program%20Files/AnyLogic%208.9%20Personal%20Learning%20Edition/plugins/com.anylogic.graphics3d_8.9.8.202602271015/static/init.js (13)
[0514/221923.677:INFO:CONSOLE(13)] "ISRGB -16711681 false", source: file:///C:/Program%20Files/AnyLogic%208.9%20Personal%20Learning%20Edition/plugins/com.anylogic.graphics3d_8.9.8.202602271015/static/init.js (13)
[0514/221923.725:INFO:CONSOLE(7)] "THREE.ColladaLoader: File version 1.4.0", source: file:///C:/Program%20Files/AnyLogic%208.9%20Personal%20Learning%20Edition/plugins/com.anylogic.graphics3d_8.9.8.202602271015/static/init.js (7)
[0514/221923.731:INFO:CONSOLE(13)] "Loaded: file:C:/Users/samantha/Laundry-Simulation/3d/reseption_2.dae", source: file:///C:/Program%20Files/AnyLogic%208.9%20Personal%20Learning%20Edition/plugins/com.anylogic.graphics3d_8.9.8.202602271015/static/init.js (13)
[0514/221923.748:INFO:CONSOLE(13)] "Loaded: file:C:/Users/samantha/Laundry-Simulation/3d/reseption_2.dae", source: file:///C:/Program%20Files/AnyLogic%208.9%20Personal%20Learning%20Edition/plugins/com.anylogic.graphics3d_8.9.8.202602271015/static/init.js (13)
[0514/221923.749:INFO:CONSOLE(13)] "ISRGB -1015680 false", source: file:///C:/Program%20Files/AnyLogic%208.9%20Personal%20Learning%20Edition/plugins/com.anylogic.graphics3d_8.9.8.202602271015/static/init.js (13)
[0514/221923.816:INFO:CONSOLE(7)] "THREE.ColladaLoader: File version 1.4.0", source: file:///C:/Program%20Files/AnyLogic%208.9%20Personal%20Learning%20Edition/plugins/com.anylogic.graphics3d_8.9.8.202602271015/static/init.js (7)
[0514/221923.823:INFO:CONSOLE(13)] "Loaded: file:C:/Users/samantha/Laundry-Simulation/3d/bench.dae", source: file:///C:/Program%20Files/AnyLogic%208.9%20Personal%20Learning%20Edition/plugins/com.anylogic.graphics3d_8.9.8.202602271015/static/init.js (13)
[0514/221923.836:INFO:CONSOLE(13)] "Loaded: file:C:/Users/samantha/Laundry-Simulation/3d/bench.dae", source: file:///C:/Program%20Files/AnyLogic%208.9%20Personal%20Learning%20Edition/plugins/com.anylogic.graphics3d_8.9.8.202602271015/static/init.js (13)
[0514/221942.686:INFO:CONSOLE(7)] "THREE.ColladaLoader: File version 1.4.0", source: file:///C:/Program%20Files/AnyLogic%208.9%20Personal%20Learning%20Edition/plugins/com.anylogic.graphics3d_8.9.8.202602271015/static/init.js (7)
[0514/221942.760:INFO:CONSOLE(13)] "Loaded: file:C:/Users/samantha/Laundry-Simulation/3d/worker.dae", source: file:///C:/Program%20Files/AnyLogic%208.9%20Personal%20Learning%20Edition/plugins/com.anylogic.graphics3d_8.9.8.202602271015/static/init.js (13)
[0514/221942.773:INFO:CONSOLE(13)] "Loaded: file:C:/Users/samantha/Laundry-Simulation/3d/worker.dae", source: file:///C:/Program%20Files/AnyLogic%208.9%20Personal%20Learning%20Edition/plugins/com.anylogic.graphics3d_8.9.8.202602271015/static/init.js (13)
[0514/221942.926:INFO:CONSOLE(7)] "THREE.ColladaLoader: File version 1.4.0", source: file:///C:/Program%20Files/AnyLogic%208.9%20Personal%20Learning%20Edition/plugins/com.anylogic.graphics3d_8.9.8.202602271015/static/init.js (7)
[0514/221942.998:INFO:CONSOLE(13)] "Loaded: file:C:/Users/samantha/Laundry-Simulation/3d/person.dae", source: file:///C:/Program%20Files/AnyLogic%208.9%20Personal%20Learning%20Edition/plugins/com.anylogic.graphics3d_8.9.8.202602271015/static/init.js (13)
[0514/221943.011:INFO:CONSOLE(13)] "Loaded: file:C:/Users/samantha/Laundry-Simulation/3d/person.dae", source: file:///C:/Program%20Files/AnyLogic%208.9%20Personal%20Learning%20Edition/plugins/com.anylogic.graphics3d_8.9.8.202602271015/static/init.js (13)
[0514/221943.011:INFO:CONSOLE(13)] "ISRGB -1 false", source: file:///C:/Program%20Files/AnyLogic%208.9%20Personal%20Learning%20Edition/plugins/com.anylogic.graphics3d_8.9.8.202602271015/static/init.js (13)
[0514/222119.826:ERROR:gpu_init.cc(523)] Passthrough is not supported, GL is disabled, ANGLE is 
[0519/015013.098:INFO:CONSOLE(7)] "THREE.ColladaLoader: File version 1.4.0", source: file:///C:/Program%20Files/AnyLogic%208.9%20Personal%20Learning%20Edition/plugins/com.anylogic.graphics3d_8.9.8.202602271015/static/init.js (7)
[0519/015013.132:INFO:CONSOLE(13)] "Loaded: file:C:/Users/samantha/Laundry-Simulation/3d/washer.dae", source: file:///C:/Program%20Files/AnyLogic%208.9%20Personal%20Learning%20Edition/plugins/com.anylogic.graphics3d_8.9.8.202602271015/static/init.js (13)
[0519/015013.148:INFO:CONSOLE(13)] "Loaded: file:C:/Users/samantha/Laundry-Simulation/3d/washer.dae", source: file:///C:/Program%20Files/AnyLogic%208.9%20Personal%20Learning%20Edition/plugins/com.anylogic.graphics3d_8.9.8.202602271015/static/init.js (13)
[0519/015013.149:INFO:CONSOLE(13)] "ISRGB -16711681 false", source: file:///C:/Program%20Files/AnyLogic%208.9%20Personal%20Learning%20Edition/plugins/com.anylogic.graphics3d_8.9.8.202602271015/static/init.js (13)
[0519/015013.149:INFO:CONSOLE(13)] "ISRGB -2968436 false", source: file:///C:/Program%20Files/AnyLogic%208.9%20Personal%20Learning%20Edition/plugins/com.anylogic.graphics3d_8.9.8.202602271015/static/init.js (13)
[0519/015013.333:INFO:CONSOLE(13)] "Loaded: file:C:/Users/samantha/Laundry-Simulation/3d/washer.dae", source: file:///C:/Program%20Files/AnyLogic%208.9%20Personal%20Learning%20Edition/plugins/com.anylogic.graphics3d_8.9.8.202602271015/static/init.js (13)
[0519/015013.333:INFO:CONSOLE(13)] "ISRGB -2968436 false", source: file:///C:/Program%20Files/AnyLogic%208.9%20Personal%20Learning%20Edition/plugins/com.anylogic.graphics3d_8.9.8.202602271015/static/init.js (13)
[0519/015013.367:INFO:CONSOLE(7)] "THREE.ColladaLoader: File version 1.4.0", source: file:///C:/Program%20Files/AnyLogic%208.9%20Personal%20Learning%20Edition/plugins/com.anylogic.graphics3d_8.9.8.202602271015/static/init.js (7)
[0519/015013.378:INFO:CONSOLE(13)] "Loaded: file:C:/Users/samantha/Laundry-Simulation/3d/table_2.dae", source: file:///C:/Program%20Files/AnyLogic%208.9%20Personal%20Learning%20Edition/plugins/com.anylogic.graphics3d_8.9.8.202602271015/static/init.js (13)
[0519/015013.386:INFO:CONSOLE(13)] "Loaded: file:C:/Users/samantha/Laundry-Simulation/3d/table_2.dae", source: file:///C:/Program%20Files/AnyLogic%208.9%20Personal%20Learning%20Edition/plugins/com.anylogic.graphics3d_8.9.8.202602271015/static/init.js (13)
[0519/015013.510:INFO:CONSOLE(13)] "Loaded: file:C:/Users/samantha/Laundry-Simulation/3d/washer.dae", source: file:///C:/Program%20Files/AnyLogic%208.9%20Personal%20Learning%20Edition/plugins/com.anylogic.graphics3d_8.9.8.202602271015/static/init.js (13)
[0519/015013.510:INFO:CONSOLE(13)] "ISRGB -16711681 false", source: file:///C:/Program%20Files/AnyLogic%208.9%20Personal%20Learning%20Edition/plugins/com.anylogic.graphics3d_8.9.8.202602271015/static/init.js (13)
[0519/015013.538:INFO:CONSOLE(13)] "Loaded: file:C:/Users/samantha/Laundry-Simulation/3d/washer.dae", source: file:///C:/Program%20Files/AnyLogic%208.9%20Personal%20Learning%20Edition/plugins/com.anylogic.graphics3d_8.9.8.202602271015/static/init.js (13)
[0519/015013.538:INFO:CONSOLE(13)] "ISRGB -16711681 false", source: file:///C:/Program%20Files/AnyLogic%208.9%20Personal%20Learning%20Edition/plugins/com.anylogic.graphics3d_8.9.8.202602271015/static/init.js (13)
[0519/015013.539:INFO:CONSOLE(13)] "ISRGB -16711681 false", source: file:///C:/Program%20Files/AnyLogic%208.9%20Personal%20Learning%20Edition/plugins/com.anylogic.graphics3d_8.9.8.202602271015/static/init.js (13)
[0519/015013.562:INFO:CONSOLE(13)] "Loaded: file:C:/Users/samantha/Laundry-Simulation/3d/washer.dae", source: file:///C:/Program%20Files/AnyLogic%208.9%20Personal%20Learning%20Edition/plugins/com.anylogic.graphics3d_8.9.8.202602271015/static/init.js (13)
[0519/015013.562:INFO:CONSOLE(13)] "ISRGB -16776961 false", source: file:///C:/Program%20Files/AnyLogic%208.9%20Personal%20Learning%20Edition/plugins/com.anylogic.graphics3d_8.9.8.202602271015/static/init.js (13)
[0519/015013.562:INFO:CONSOLE(13)] "ISRGB -16711681 false", source: file:///C:/Program%20Files/AnyLogic%208.9%20Personal%20Learning%20Edition/plugins/com.anylogic.graphics3d_8.9.8.202602271015/static/init.js (13)
[0519/015013.594:INFO:CONSOLE(7)] "THREE.ColladaLoader: File version 1.4.0", source: file:///C:/Program%20Files/AnyLogic%208.9%20Personal%20Learning%20Edition/plugins/com.anylogic.graphics3d_8.9.8.202602271015/static/init.js (7)
[0519/015013.599:INFO:CONSOLE(13)] "Loaded: file:C:/Users/samantha/Laundry-Simulation/3d/reseption_2.dae", source: file:///C:/Program%20Files/AnyLogic%208.9%20Personal%20Learning%20Edition/plugins/com.anylogic.graphics3d_8.9.8.202602271015/static/init.js (13)
[0519/015013.607:INFO:CONSOLE(13)] "Loaded: file:C:/Users/samantha/Laundry-Simulation/3d/reseption_2.dae", source: file:///C:/Program%20Files/AnyLogic%208.9%20Personal%20Learning%20Edition/plugins/com.anylogic.graphics3d_8.9.8.202602271015/static/init.js (13)
[0519/015013.607:INFO:CONSOLE(13)] "ISRGB -1015680 false", source: file:///C:/Program%20Files/AnyLogic%208.9%20Personal%20Learning%20Edition/plugins/com.anylogic.graphics3d_8.9.8.202602271015/static/init.js (13)
[0519/015013.644:INFO:CONSOLE(7)] "THREE.ColladaLoader: File version 1.4.0", source: file:///C:/Program%20Files/AnyLogic%208.9%20Personal%20Learning%20Edition/plugins/com.anylogic.graphics3d_8.9.8.202602271015/static/init.js (7)
[0519/015013.650:INFO:CONSOLE(13)] "Loaded: file:C:/Users/samantha/Laundry-Simulation/3d/bench.dae", source: file:///C:/Program%20Files/AnyLogic%208.9%20Personal%20Learning%20Edition/plugins/com.anylogic.graphics3d_8.9.8.202602271015/static/init.js (13)
[0519/015013.659:INFO:CONSOLE(13)] "Loaded: file:C:/Users/samantha/Laundry-Simulation/3d/bench.dae", source: file:///C:/Program%20Files/AnyLogic%208.9%20Personal%20Learning%20Edition/plugins/com.anylogic.graphics3d_8.9.8.202602271015/static/init.js (13)
[0519/015209.872:ERROR:gpu_init.cc(523)] Passthrough is not supported, GL is disabled, ANGLE is 
[0519/015654.111:INFO:CONSOLE(7)] "THREE.ColladaLoader: File version 1.4.0", source: file:///C:/Program%20Files/AnyLogic%208.9%20Personal%20Learning%20Edition/plugins/com.anylogic.graphics3d_8.9.8.202602271015/static/init.js (7)
[0519/015654.171:INFO:CONSOLE(13)] "Loaded: file:C:/Users/samantha/Laundry-Simulation/3d/worker.dae", source: file:///C:/Program%20Files/AnyLogic%208.9%20Personal%20Learning%20Edition/plugins/com.anylogic.graphics3d_8.9.8.202602271015/static/init.js (13)
[0519/015654.198:INFO:CONSOLE(13)] "Loaded: file:C:/Users/samantha/Laundry-Simulation/3d/worker.dae", source: file:///C:/Program%20Files/AnyLogic%208.9%20Personal%20Learning%20Edition/plugins/com.anylogic.graphics3d_8.9.8.202602271015/static/init.js (13)
[0519/015654.355:INFO:CONSOLE(7)] "THREE.ColladaLoader: File version 1.4.0", source: file:///C:/Program%20Files/AnyLogic%208.9%20Personal%20Learning%20Edition/plugins/com.anylogic.graphics3d_8.9.8.202602271015/static/init.js (7)
[0519/015654.391:INFO:CONSOLE(13)] "Loaded: file:C:/Users/samantha/Laundry-Simulation/3d/person.dae", source: file:///C:/Program%20Files/AnyLogic%208.9%20Personal%20Learning%20Edition/plugins/com.anylogic.graphics3d_8.9.8.202602271015/static/init.js (13)
[0519/015654.400:INFO:CONSOLE(13)] "Loaded: file:C:/Users/samantha/Laundry-Simulation/3d/person.dae", source: file:///C:/Program%20Files/AnyLogic%208.9%20Personal%20Learning%20Edition/plugins/com.anylogic.graphics3d_8.9.8.202602271015/static/init.js (13)
[0519/015654.402:INFO:CONSOLE(13)] "ISRGB -1 false", source: file:///C:/Program%20Files/AnyLogic%208.9%20Personal%20Learning%20Edition/plugins/com.anylogic.graphics3d_8.9.8.202602271015/static/init.js (13)
